BL51 BANKED LINKER/LOCATER V6.02                                                        08/07/2008  09:07:26  PAGE 1


BL51 BANKED LINKER/LOCATER V6.02, INVOKED BY:
D:\PROGRAM FILES\KEIL\C51\BIN\BL51.EXE 123.obj TO 123 RAMSIZE (256)


MEMORY MODEL: LARGE


INPUT MODULES INCLUDED:
  123.obj (123)
  D:\PROGRAM FILES\KEIL\C51\LIB\C51L.LIB (?C_STARTUP)
  D:\PROGRAM FILES\KEIL\C51\LIB\C51L.LIB (?C?CLDPTR)
  D:\PROGRAM FILES\KEIL\C51\LIB\C51L.LIB (?C?CLDOPTR)
  D:\PROGRAM FILES\KEIL\C51\LIB\C51L.LIB (?C?UIDIV)
  D:\PROGRAM FILES\KEIL\C51\LIB\C51L.LIB (?C?IILDX)
  D:\PROGRAM FILES\KEIL\C51\LIB\C51L.LIB (?C?ISTPTR)
  D:\PROGRAM FILES\KEIL\C51\LIB\C51L.LIB (?C?OFFXADD)


LINK MAP OF MODULE:  123 (123)


            TYPE    BASE      LENGTH    RELOCATION   SEGMENT NAME
            -----------------------------------------------------

            * * * * * * *   D A T A   M E M O R Y   * * * * * * *
            REG     0000H     0008H     ABSOLUTE     "REG BANK 0"
            IDATA   0008H     0001H     UNIT         ?STACK

            * * * * * * *  X D A T A   M E M O R Y  * * * * * * *
            XDATA   0000H     0032H     UNIT         _XDATA_GROUP_

            * * * * * * *   C O D E   M E M O R Y   * * * * * * *
            CODE    0000H     0003H     ABSOLUTE     
            CODE    0003H     083CH     UNIT         ?CO?123
            CODE    083FH     01B7H     UNIT         ?PR?_DRAWSINGLEHZ?123
            CODE    09F6H     0164H     UNIT         ?PR?SSD1289_INIT?123
            CODE    0B5AH     00DFH     UNIT         ?PR?_DRAWSINGLEASCII?123
            CODE    0C39H     00DCH     UNIT         ?C?LIB_CODE
            CODE    0D15H     00D5H     UNIT         ?PR?_DRAWSTRING?123
            CODE    0DEAH     00C6H     UNIT         ?PR?_DISPNUM?123
            CODE    0EB0H     007BH     UNIT         ?PR?MAIN?123
            CODE    0F2BH     004CH     UNIT         ?PR?_DISPONECOLOR?123
            CODE    0F77H     0031H     UNIT         ?PR?_SEND_COMMAND?123
            CODE    0FA8H     0025H     UNIT         ?PR?_READ_TROUCH?123
            CODE    0FCDH     0023H     UNIT         ?PR?RD_AD?123
            CODE    0FF0H     0021H     UNIT         ?PR?_TOUCH_GETADXY?123
            CODE    1011H     001BH     UNIT         ?PR?_SEND_DATA?123
            CODE    102CH     001AH     UNIT         ?PR?_SET_RAMADDR?123
            CODE    1046H     0018H     UNIT         ?PR?_DELAYNS?123
            CODE    105EH     0014H     UNIT         ?PR?_WRITE_COM?123
            CODE    1072H     000CH     UNIT         ?C_C51STARTUP
            CODE    107EH     0007H     UNIT         ?PR?DISPCLEAR?123
            CODE    1085H     0007H     UNIT         ?PR?TOUCH_INIT?123



OVERLAY MAP OF MODULE:   123 (123)

BL51 BANKED LINKER/LOCATER V6.02                                                      08/07/2008  09:07:26  PAGE 2



SEGMENT                            XDATA_GROUP
  +--> CALLED SEGMENT            START    LENGTH
------------------------------------------------
?C_C51STARTUP                    -----    -----
  +--> ?PR?MAIN?123

?PR?MAIN?123                     0000H    0007H
  +--> ?PR?_DELAYNS?123
  +--> ?PR?SSD1289_INIT?123
  +--> ?PR?TOUCH_INIT?123
  +--> ?PR?DISPCLEAR?123
  +--> ?PR?_SEND_COMMAND?123
  +--> ?CO?123
  +--> ?PR?_DRAWSTRING?123
  +--> ?PR?_TOUCH_GETADXY?123
  +--> ?PR?_DISPNUM?123

?PR?_DELAYNS?123                 -----    -----
  +--> ?PR?_WRITE_COM?123

?PR?_WRITE_COM?123               -----    -----
  +--> ?PR?_SEND_COMMAND?123
  +--> ?PR?_SEND_DATA?123

?PR?_SEND_COMMAND?123            -----    -----
  +--> ?PR?_SET_RAMADDR?123

?PR?SSD1289_INIT?123             -----    -----
  +--> ?PR?_DELAYNS?123
  +--> ?PR?_WRITE_COM?123

?PR?DISPCLEAR?123                -----    -----
  +--> ?PR?_DISPONECOLOR?123

?PR?_DISPONECOLOR?123            0007H    0004H
  +--> ?PR?_WRITE_COM?123
  +--> ?PR?_SEND_COMMAND?123
  +--> ?PR?_SEND_DATA?123

?PR?_DRAWSTRING?123              0010H    000CH
  +--> ?PR?_DRAWSINGLEHZ?123
  +--> ?PR?_DRAWSINGLEASCII?123

?PR?_DRAWSINGLEHZ?123            001CH    0016H
  +--> ?CO?123
  +--> ?PR?_SEND_COMMAND?123
  +--> ?PR?_SEND_DATA?123

?PR?_DRAWSINGLEASCII?123         001CH    0010H
  +--> ?PR?_SEND_COMMAND?123
  +--> ?CO?123
  +--> ?PR?_SEND_DATA?123

?PR?_TOUCH_GETADXY?123           0007H    0006H
  +--> ?PR?_READ_TROUCH?123

BL51 BANKED LINKER/LOCATER V6.02                                                      08/07/2008  09:07:26  PAGE 3


?PR?_READ_TROUCH?123             -----    -----
  +--> ?PR?RD_AD?123

?PR?_DISPNUM?123                 0007H    0009H
  +--> ?PR?_DRAWSTRING?123



SYMBOL TABLE OF MODULE:  123 (123)

  VALUE           TYPE          NAME
  ----------------------------------

  -------         MODULE        123
  C:0000H         SYMBOL        _ICE_DUMMY_
  D:0080H         PUBLIC        P0
  C:0FF0H         PUBLIC        _touch_GetAdXY
  D:0090H         PUBLIC        P1
  D:00A0H         PUBLIC        P2
  D:00B0H         PUBLIC        P3
  C:000DH         PUBLIC        AsciiLib
  C:0D15H         PUBLIC        _DrawString
  D:00A8H         PUBLIC        IE
  C:1053H         PUBLIC        _DelayNS
  B:0090H.4       PUBLIC        CS
  C:0FA8H         PUBLIC        _read_trouch
  D:00B8H         PUBLIC        IP
  C:1085H         PUBLIC        touch_Init
  B:0090H.5       PUBLIC        touch_CS
  B:0090H.0       PUBLIC        RS
  B:0090H.6       PUBLIC        touch_DCLK
  C:0EB0H         PUBLIC        main
  C:1016H         PUBLIC        _send_data
  B:0090H.3       PUBLIC        RW
  D:0098H         PUBLIC        SCON
  D:0088H         PUBLIC        TCON
  C:09F6H         PUBLIC        ssd1289_init
  C:0F2BH         PUBLIC        _DispOneColor
  C:083FH         PUBLIC        _DrawSingleHz
  C:0DF5H         PUBLIC        _DispNum
  B:00B0H.3       PUBLIC        touch_DOUT
  B:0090H.2       PUBLIC        res
  C:1064H         PUBLIC        _write_com
  C:05FDH         PUBLIC        HzLib
  B:0090H.7       PUBLIC        touch_DIN
  C:0B5AH         PUBLIC        _DrawSingleAscii
  D:00C8H         PUBLIC        T2CON
  C:102CH         PUBLIC        _Set_ramaddr
  C:0F92H         PUBLIC        _send_command
  B:00B0H.2       PUBLIC        touch_INT
  D:00D0H         PUBLIC        PSW
  C:0FCDH         SYMBOL        RD_AD
  C:107EH         PUBLIC        DispClear
  C:104AH         SYMBOL        L?0083
  C:104CH         SYMBOL        L?0084
  C:104FH         SYMBOL        L?0085
  -------         PROC          L?0082
BL51 BANKED LINKER/LOCATER V6.02                                                      08/07/2008  09:07:26  PAGE 4


  -------         ENDPROC       L?0082
  C:104AH         SYMBOL        L?0083
  C:104CH         SYMBOL        L?0084
  C:104FH         SYMBOL        L?0085
  -------         PROC          _DELAYNS
  D:0006H         SYMBOL        time
  C:1053H         LINE#         40
  C:1053H         LINE#         41
  C:1053H         LINE#         42
  C:105DH         LINE#         43
  -------         ENDPROC       _DELAYNS
  C:0F8AH         SYMBOL        L?0087
  C:0F8EH         SYMBOL        L?0088
  -------         PROC          L?0086
  -------         ENDPROC       L?0086
  C:0F8AH         SYMBOL        L?0087
  C:0F8EH         SYMBOL        L?0088
  -------         PROC          _SEND_COMMAND
  D:0004H         SYMBOL        out_data
  C:0F92H         LINE#         4
  C:0F96H         LINE#         5
  C:0F96H         LINE#         6
  C:0F98H         LINE#         7
  C:0F9BH         LINE#         8
  C:0F9FH         LINE#         9
  C:0FA1H         LINE#         10
  C:0FA3H         LINE#         11
  C:0FA5H         LINE#         12
  C:0FA7H         LINE#         13
  -------         ENDPROC       _SEND_COMMAND
  C:1011H         SYMBOL        L?0093
  -------         PROC          L?0092
  -------         ENDPROC       L?0092
  C:1011H         SYMBOL        L?0093
  -------         PROC          _SEND_DATA
  D:0004H         SYMBOL        out_data
  C:1016H         LINE#         15
  C:101AH         LINE#         16
  C:101AH         LINE#         17
  C:101CH         LINE#         18
  C:101EH         LINE#         19
  C:1021H         LINE#         20
  C:1025H         LINE#         21
  C:1027H         LINE#         22
  C:1029H         LINE#         23
  C:102BH         LINE#         24
  -------         ENDPROC       _SEND_DATA
  C:1060H         SYMBOL        L?0091
  -------         PROC          L?0090
  -------         ENDPROC       L?0090
  C:1060H         SYMBOL        L?0091
  -------         PROC          _WRITE_COM
  D:0006H         SYMBOL        address
  D:0002H         SYMBOL        num
  C:1064H         LINE#         59
  C:1068H         LINE#         60
  C:1068H         LINE#         61
BL51 BANKED LINKER/LOCATER V6.02                                                      08/07/2008  09:07:26  PAGE 5


  C:106BH         LINE#         62
  -------         ENDPROC       _WRITE_COM
  -------         PROC          SSD1289_INIT
  C:09F6H         LINE#         74
  C:09F6H         LINE#         75
  C:09F6H         LINE#         77
  C:0A00H         LINE#         78
  C:0A09H         LINE#         79
  C:0A12H         LINE#         80
  C:0A1BH         LINE#         81
  C:0A24H         LINE#         82
  C:0A2DH         LINE#         83
  C:0A36H         LINE#         84
  C:0A3FH         LINE#         85
  C:0A48H         LINE#         86
  C:0A51H         LINE#         87
  C:0A5AH         LINE#         88
  C:0A63H         LINE#         89
  C:0A6CH         LINE#         90
  C:0A75H         LINE#         91
  C:0A7EH         LINE#         92
  C:0A87H         LINE#         93
  C:0A90H         LINE#         94
  C:0A99H         LINE#         95
  C:0AA2H         LINE#         96
  C:0AABH         LINE#         97
  C:0AB4H         LINE#         98
  C:0ABDH         LINE#         99
  C:0AC6H         LINE#         100
  C:0ACFH         LINE#         101
  C:0AD8H         LINE#         102
  C:0AE1H         LINE#         103
  C:0AEAH         LINE#         104
  C:0AEFH         LINE#         105
  C:0AF4H         LINE#         106
  C:0AFDH         LINE#         107
  C:0B06H         LINE#         108
  C:0B0FH         LINE#         109
  C:0B18H         LINE#         110
  C:0B21H         LINE#         111
  C:0B2AH         LINE#         112
  C:0B33H         LINE#         113
  C:0B3CH         LINE#         114
  C:0B45H         LINE#         115
  C:0B4EH         LINE#         116
  C:0B51H         LINE#         117
  -------         ENDPROC       SSD1289_INIT
  -------         PROC          _DISPONECOLOR
  X:0007H         SYMBOL        Color
  -------         DO            
  D:0002H         SYMBOL        i
  X:0009H         SYMBOL        j
  -------         ENDDO         
  C:0F2BH         LINE#         131
  C:0F33H         LINE#         132
  C:0F33H         LINE#         134
  C:0F36H         LINE#         135
BL51 BANKED LINKER/LOCATER V6.02                                                      08/07/2008  09:07:26  PAGE 6


  C:0F3BH         LINE#         136
  C:0F3EH         LINE#         137
  C:0F43H         LINE#         138
  C:0F46H         LINE#         139
  C:0F76H         LINE#         140
  -------         ENDPROC       _DISPONECOLOR
  -------         PROC          DISPCLEAR
  C:107EH         LINE#         152
  C:107EH         LINE#         153
  C:107EH         LINE#         154
  -------         ENDPROC       DISPCLEAR
  -------         PROC          _SET_RAMADDR
  D:0082H         SYMBOL        x
  D:0004H         SYMBOL        y
  C:102CH         LINE#         157
  C:1030H         LINE#         158
  C:1030H         LINE#         159
  C:1037H         LINE#         160
  -------         ENDPROC       _SET_RAMADDR
  -------         PROC          _DRAWSINGLEASCII
  X:001CH         SYMBOL        x
  X:001EH         SYMBOL        y
  D:0001H         SYMBOL        pAscii
  X:0023H         SYMBOL        LineColor
  X:0025H         SYMBOL        FillColor
  X:0027H         SYMBOL        Mod
  -------         DO            
  D:0001H         SYMBOL        i
  X:0028H         SYMBOL        j
  X:0029H         SYMBOL        str
  X:002AH         SYMBOL        OffSet
  -------         ENDDO         
  C:0B5AH         LINE#         176
  C:0B68H         LINE#         177
  C:0B68H         LINE#         182
  C:0B86H         LINE#         184
  C:0B88H         LINE#         185
  C:0B88H         LINE#         186
  C:0B9EH         LINE#         187
  C:0BA1H         LINE#         188
  C:0BC1H         LINE#         189
  C:0BD0H         LINE#         190
  C:0BD0H         LINE#         191
  C:0BEBH         LINE#         192
  C:0BEBH         LINE#         193
  C:0BEEH         LINE#         194
  C:0BF0H         LINE#         196
  C:0BF0H         LINE#         197
  C:0BF6H         LINE#         198
  C:0BFEH         LINE#         200
  C:0BFEH         LINE#         201
  C:0C24H         LINE#         202
  C:0C27H         LINE#         203
  C:0C27H         LINE#         204
  C:0C27H         LINE#         205
  C:0C2FH         LINE#         206
  C:0C38H         LINE#         207
BL51 BANKED LINKER/LOCATER V6.02                                                      08/07/2008  09:07:26  PAGE 7


  -------         ENDPROC       _DRAWSINGLEASCII
  -------         PROC          _DRAWSINGLEHZ
  X:001CH         SYMBOL        x
  X:001EH         SYMBOL        y
  D:0001H         SYMBOL        pHz
  X:0023H         SYMBOL        LineColor
  X:0025H         SYMBOL        FillColor
  X:0027H         SYMBOL        Mod
  -------         DO            
  X:0028H         SYMBOL        j
  X:002AH         SYMBOL        i
  X:002CH         SYMBOL        k
  X:002EH         SYMBOL        str
  X:0030H         SYMBOL        len
  -------         ENDDO         
  C:083FH         LINE#         223
  C:084DH         LINE#         224
  C:084DH         LINE#         225
  C:085CH         LINE#         228
  C:0864H         LINE#         229
  C:087BH         LINE#         230
  C:08CCH         LINE#         232
  C:08E4H         LINE#         233
  C:08E4H         LINE#         234
  C:08EBH         LINE#         235
  C:08EBH         LINE#         236
  C:08F3H         LINE#         237
  C:08F6H         LINE#         239
  C:0961H         LINE#         241
  C:0978H         LINE#         242
  C:0978H         LINE#         243
  C:0994H         LINE#         244
  C:0994H         LINE#         245
  C:0997H         LINE#         246
  C:0999H         LINE#         248
  C:0999H         LINE#         249
  C:099FH         LINE#         250
  C:09A7H         LINE#         252
  C:09A7H         LINE#         253
  C:09C1H         LINE#         254
  C:09C4H         LINE#         255
  C:09C4H         LINE#         256
  C:09C4H         LINE#         257
  C:09D5H         LINE#         258
  C:09F5H         LINE#         259
  C:09F5H         LINE#         260
  -------         ENDPROC       _DRAWSINGLEHZ
  -------         PROC          _DRAWSTRING
  X:0010H         SYMBOL        x
  X:0012H         SYMBOL        y
  X:0014H         SYMBOL        pStr
  X:0017H         SYMBOL        LineColor
  X:0019H         SYMBOL        FillColor
  X:001BH         SYMBOL        Mod
  C:0D15H         LINE#         277
  C:0D2CH         LINE#         278
  C:0D2CH         LINE#         280
BL51 BANKED LINKER/LOCATER V6.02                                                      08/07/2008  09:07:26  PAGE 8


  C:0D2CH         LINE#         281
  C:0D2CH         LINE#         282
  C:0D40H         LINE#         283
  C:0D40H         LINE#         285
  C:0D40H         LINE#         287
  C:0D4EH         LINE#         288
  C:0D4EH         LINE#         289
  C:0D7FH         LINE#         290
  C:0D8DH         LINE#         291
  C:0D94H         LINE#         292
  C:0D96H         LINE#         294
  C:0D96H         LINE#         295
  C:0DCEH         LINE#         296
  C:0DDCH         LINE#         297
  C:0DE6H         LINE#         298
  C:0DE6H         LINE#         299
  C:0DE9H         LINE#         300
  -------         ENDPROC       _DRAWSTRING
  -------         PROC          L?0089
  -------         ENDPROC       L?0089
  -------         PROC          _DISPNUM
  X:0007H         SYMBOL        x
  X:0009H         SYMBOL        y
  D:0002H         SYMBOL        num
  -------         DO            
  X:000BH         SYMBOL        str
  -------         ENDDO         
  C:0DF5H         LINE#         303
  C:0E03H         LINE#         304
  C:0E03H         LINE#         307
  C:0E13H         LINE#         308
  C:0E30H         LINE#         309
  C:0E5AH         LINE#         310
  C:0E84H         LINE#         311
  C:0E87H         LINE#         313
  -------         ENDPROC       _DISPNUM
  -------         PROC          TOUCH_INIT
  C:1085H         LINE#         2
  C:1085H         LINE#         3
  C:1085H         LINE#         4
  C:1087H         LINE#         5
  C:1089H         LINE#         6
  C:108BH         LINE#         7
  -------         ENDPROC       TOUCH_INIT
  -------         PROC          RD_AD
  -------         DO            
  D:0006H         SYMBOL        temp
  D:0005H         SYMBOL        i
  -------         ENDDO         
  C:0FCDH         LINE#         9
  C:0FCDH         LINE#         10
  C:0FCDH         LINE#         11
  C:0FD0H         LINE#         13
  C:0FD2H         LINE#         14
  C:0FD4H         LINE#         15
  C:0FD5H         LINE#         16
  C:0FD5H         LINE#         17
BL51 BANKED LINKER/LOCATER V6.02                                                      08/07/2008  09:07:26  PAGE 9


  C:0FD7H         LINE#         18
  C:0FDEH         LINE#         19
  C:0FE6H         LINE#         20
  C:0FE8H         LINE#         21
  C:0FEDH         LINE#         22
  C:0FEFH         LINE#         23
  C:0FEFH         LINE#         24
  -------         ENDPROC       RD_AD
  -------         PROC          _READ_TROUCH
  D:0007H         SYMBOL        cmd
  -------         DO            
  D:0006H         SYMBOL        i
  -------         ENDDO         
  C:0FA8H         LINE#         26
  C:0FA8H         LINE#         27
  C:0FA8H         LINE#         29
  C:0FAAH         LINE#         30
  C:0FACH         LINE#         31
  C:0FAEH         LINE#         32
  C:0FB0H         LINE#         33
  C:0FB2H         LINE#         34
  C:0FB2H         LINE#         35
  C:0FBAH         LINE#         36
  C:0FBCH         LINE#         37
  C:0FC0H         LINE#         38
  C:0FC2H         LINE#         39
  C:0FC4H         LINE#         40
  C:0FC9H         LINE#         41
  C:0FCCH         LINE#         42
  -------         ENDPROC       _READ_TROUCH
  -------         PROC          _TOUCH_GETADXY
  D:0001H         SYMBOL        x
  X:000AH         SYMBOL        y
  C:0FF0H         LINE#         44
  C:0FF0H         LINE#         45
  C:0FF0H         LINE#         46
  C:0FFBH         LINE#         47
  -------         ENDPROC       _TOUCH_GETADXY
  -------         PROC          MAIN
  -------         DO            
  X:0000H         SYMBOL        T_x
  X:0002H         SYMBOL        T_y
  X:0004H         SYMBOL        R_data
  X:0005H         SYMBOL        G_data
  X:0006H         SYMBOL        B_data
  -------         ENDDO         
  C:0EB0H         LINE#         11
  C:0EB0H         LINE#         12
  C:0EB0H         LINE#         13
  C:0EB9H         LINE#         14
  C:0EC0H         LINE#         15
  C:0EC3H         LINE#         16
  C:0EC5H         LINE#         17
  C:0EC7H         LINE#         19
  C:0EC9H         LINE#         20
  C:0ECCH         LINE#         21
  C:0ECEH         LINE#         24
BL51 BANKED LINKER/LOCATER V6.02                                                      08/07/2008  09:07:26  PAGE 10


  C:0ED5H         LINE#         25
  C:0ED8H         LINE#         26
  C:0EDBH         LINE#         27
  C:0EDEH         LINE#         28
  C:0EE1H         LINE#         30
  C:0EFFH         LINE#         87
  C:0EFFH         LINE#         88
  C:0EFFH         LINE#         89
  C:0F02H         LINE#         90
  C:0F02H         LINE#         91
  C:0F19H         LINE#         92
  C:0F21H         LINE#         93
  C:0F29H         LINE#         94
  C:0F29H         LINE#         95
  -------         ENDPROC       MAIN
  -------         ENDMOD        123

  -------         MODULE        ?C?CLDPTR
  C:0C39H         PUBLIC        ?C?CLDPTR
  -------         ENDMOD        ?C?CLDPTR

  -------         MODULE        ?C?CLDOPTR
  C:0C52H         PUBLIC        ?C?CLDOPTR
  -------         ENDMOD        ?C?CLDOPTR

  -------         MODULE        ?C?UIDIV
  C:0C7FH         PUBLIC        ?C?UIDIV
  -------         ENDMOD        ?C?UIDIV

  -------         MODULE        ?C?IILDX
  C:0CD4H         PUBLIC        ?C?IILDX
  -------         ENDMOD        ?C?IILDX

  -------         MODULE        ?C?ISTPTR
  C:0CEAH         PUBLIC        ?C?ISTPTR
  -------         ENDMOD        ?C?ISTPTR

  -------         MODULE        ?C?OFFXADD
  C:0D09H         PUBLIC        ?C?OFFXADD
  -------         ENDMOD        ?C?OFFXADD

Program Size: data=9.0 xdata=50 code=4236
LINK/LOCATE RUN COMPLETE.  0 WARNING(S),  0 ERROR(S)
