<!doctype html public "-//w3c//dtd html 4.0 transitional//en">
<html><head>
<title>Static Call Graph - [.\Flash\Blinky.axf]</title></head>
<body><HR>
<H1>Static Call Graph for image .\Flash\Blinky.axf</H1><HR>
<BR><P>#&#060CALLGRAPH&#062# ARM Linker, RVCT4.0 [Build 728]: Last Updated: Thu Sep 09 20:59:33 2010
<BR><P>
<H3>Maximum Stack Usage =        104 bytes + Unknown(Cycles, Untraceable Function Pointers)</H3><H3>
Call chain for Maximum Stack Depth:</H3>
main &rArr; GLCD_Init &rArr; rd_reg &rArr; wr_cmd
<P>
<H3>
Mutually Recursive functions
</H3> <LI><a href="#[f335e0]">NMI_Handler</a>&nbsp;&nbsp;&nbsp;&rArr;&nbsp;&nbsp;&nbsp;<a href="#[f335e0]">NMI_Handler</a><BR>
 <LI><a href="#[f335a4]">HardFault_Handler</a>&nbsp;&nbsp;&nbsp;&rArr;&nbsp;&nbsp;&nbsp;<a href="#[f335a4]">HardFault_Handler</a><BR>
 <LI><a href="#[f33568]">MemManage_Handler</a>&nbsp;&nbsp;&nbsp;&rArr;&nbsp;&nbsp;&nbsp;<a href="#[f33568]">MemManage_Handler</a><BR>
 <LI><a href="#[f3352c]">BusFault_Handler</a>&nbsp;&nbsp;&nbsp;&rArr;&nbsp;&nbsp;&nbsp;<a href="#[f3352c]">BusFault_Handler</a><BR>
 <LI><a href="#[f334f0]">UsageFault_Handler</a>&nbsp;&nbsp;&nbsp;&rArr;&nbsp;&nbsp;&nbsp;<a href="#[f334f0]">UsageFault_Handler</a><BR>
 <LI><a href="#[f334b4]">SVC_Handler</a>&nbsp;&nbsp;&nbsp;&rArr;&nbsp;&nbsp;&nbsp;<a href="#[f334b4]">SVC_Handler</a><BR>
 <LI><a href="#[f33478]">DebugMon_Handler</a>&nbsp;&nbsp;&nbsp;&rArr;&nbsp;&nbsp;&nbsp;<a href="#[f33478]">DebugMon_Handler</a><BR>
 <LI><a href="#[f3343c]">PendSV_Handler</a>&nbsp;&nbsp;&nbsp;&rArr;&nbsp;&nbsp;&nbsp;<a href="#[f3343c]">PendSV_Handler</a><BR>
 <LI><a href="#[f333c4]">ADC_IRQHandler</a>&nbsp;&nbsp;&nbsp;&rArr;&nbsp;&nbsp;&nbsp;<a href="#[f333c4]">ADC_IRQHandler</a><BR>
</UL>
<P>
<H3>
Function Pointers
</H3><UL>
 <LI><a href="#[f3361c]">Reset_Handler</a>
 <LI><a href="#[f335e0]">NMI_Handler</a>
 <LI><a href="#[f335a4]">HardFault_Handler</a>
 <LI><a href="#[f33568]">MemManage_Handler</a>
 <LI><a href="#[f3352c]">BusFault_Handler</a>
 <LI><a href="#[f334f0]">UsageFault_Handler</a>
 <LI><a href="#[f334b4]">SVC_Handler</a>
 <LI><a href="#[f33478]">DebugMon_Handler</a>
 <LI><a href="#[f3343c]">PendSV_Handler</a>
 <LI><a href="#[f30ef8]">SysTick_Handler</a>
 <LI><a href="#[f32bcc]">WDT_IRQHandler</a>
 <LI><a href="#[f32e24]">TIMER0_IRQHandler</a>
 <LI><a href="#[f32de8]">TIMER1_IRQHandler</a>
 <LI><a href="#[f32dac]">TIMER2_IRQHandler</a>
 <LI><a href="#[f32d70]">TIMER3_IRQHandler</a>
 <LI><a href="#[f32d34]">UART0_IRQHandler</a>
 <LI><a href="#[f32cf8]">UART1_IRQHandler</a>
 <LI><a href="#[f32cbc]">UART2_IRQHandler</a>
 <LI><a href="#[f32c80]">UART3_IRQHandler</a>
 <LI><a href="#[f32fc8]">PWM1_IRQHandler</a>
 <LI><a href="#[f3316c]">I2C0_IRQHandler</a>
 <LI><a href="#[f33130]">I2C1_IRQHandler</a>
 <LI><a href="#[f330f4]">I2C2_IRQHandler</a>
 <LI><a href="#[f32ed8]">SPI_IRQHandler</a>
 <LI><a href="#[f32e9c]">SSP0_IRQHandler</a>
 <LI><a href="#[f32e60]">SSP1_IRQHandler</a>
 <LI><a href="#[f33040]">PLL0_IRQHandler</a>
 <LI><a href="#[f32f14]">RTC_IRQHandler</a>
 <LI><a href="#[f33298]">EINT0_IRQHandler</a>
 <LI><a href="#[f3325c]">EINT1_IRQHandler</a>
 <LI><a href="#[f33220]">EINT2_IRQHandler</a>
 <LI><a href="#[f331e4]">EINT3_IRQHandler</a>
 <LI><a href="#[f333c4]">ADC_IRQHandler</a>
 <LI><a href="#[f33388]">BOD_IRQHandler</a>
 <LI><a href="#[f32c08]">USB_IRQHandler</a>
 <LI><a href="#[f33310]">CAN_IRQHandler</a>
 <LI><a href="#[f332d4]">DMA_IRQHandler</a>
 <LI><a href="#[f330b8]">I2S_IRQHandler</a>
 <LI><a href="#[f331a8]">ENET_IRQHandler</a>
 <LI><a href="#[f32f50]">RIT_IRQHandler</a>
 <LI><a href="#[f3307c]">MCPWM_IRQHandler</a>
 <LI><a href="#[f32f8c]">QEI_IRQHandler</a>
 <LI><a href="#[f33004]">PLL1_IRQHandler</a>
 <LI><a href="#[f32c44]">USBActivity_IRQHandler</a>
 <LI><a href="#[f3334c]">CANActivity_IRQHandler</a>
 <LI><a href="#[f31510]">main</a>
 <LI><a href="#[f2f56c]">__main</a>
</UL>
<P>
<H3>
Global Symbols
</H3>
<P><STRONG><a name="[f2f56c]"></a>__main</STRONG> (Thumb, 0 bytes, Stack size unknown bytes, entry.o(.ARM.Collect$$$$00000000))
<BR>[Address Reference Count : 1]<UL><LI> startup_lpc17xx.o(.text)
</UL>
<P><STRONG><a name="[f2f224]"></a>_main_stk</STRONG> (Thumb, 0 bytes, Stack size unknown bytes, entry2.o(.ARM.Collect$$$$00000001))
<BR><BR>[Calls]<UL><LI><a href="#[f335a4]">&gt;&gt;</a>&nbsp;&nbsp;&nbsp;HardFault_Handler
</UL>

<P><STRONG><a name="[f2f0f8]"></a>_main_scatterload</STRONG> (Thumb, 0 bytes, Stack size unknown bytes, entry5.o(.ARM.Collect$$$$00000004))
<BR><BR>[Calls]<UL><LI><a href="#[f2eea0]">&gt;&gt;</a>&nbsp;&nbsp;&nbsp;__scatterload
</UL>

<P><STRONG><a name="[f2f0bc]"></a>__main_after_scatterload</STRONG> (Thumb, 0 bytes, Stack size unknown bytes, entry5.o(.ARM.Collect$$$$00000004))
<BR><BR>[Called By]<UL><LI><a href="#[f2eea0]">&gt;&gt;</a>&nbsp;&nbsp;&nbsp;__scatterload
</UL>

<P><STRONG><a name="[f2efcc]"></a>_main_init</STRONG> (Thumb, 0 bytes, Stack size unknown bytes, entry7.o(.ARM.Collect$$$$00000007))

<P><STRONG><a name="[f303b8]"></a>wait</STRONG> (Thumb, 4 bytes, Stack size 0 bytes, glcd_lpc1700.o(.emb_text))
<BR><BR>[Called By]<UL><LI><a href="#[f308a4]">&gt;&gt;</a>&nbsp;&nbsp;&nbsp;wr_dat_only
<LI><a href="#[f308e0]">&gt;&gt;</a>&nbsp;&nbsp;&nbsp;wr_dat
<LI><a href="#[f3091c]">&gt;&gt;</a>&nbsp;&nbsp;&nbsp;wr_cmd
</UL>

<P><STRONG><a name="[f3361c]"></a>Reset_Handler</STRONG> (Thumb, 4 bytes, Stack size 0 bytes, startup_lpc17xx.o(.text))
<BR>[Address Reference Count : 1]<UL><LI> startup_lpc17xx.o(RESET)
</UL>
<P><STRONG><a name="[f335e0]"></a>NMI_Handler</STRONG> (Thumb, 2 bytes, Stack size 0 bytes, startup_lpc17xx.o(.text))
<BR><BR>[Calls]<UL><LI><a href="#[f335e0]">&gt;&gt;</a>&nbsp;&nbsp;&nbsp;NMI_Handler
</UL>
<BR>[Called By]<UL><LI><a href="#[f335e0]">&gt;&gt;</a>&nbsp;&nbsp;&nbsp;NMI_Handler
</UL>
<BR>[Address Reference Count : 1]<UL><LI> startup_lpc17xx.o(RESET)
</UL>
<P><STRONG><a name="[f335a4]"></a>HardFault_Handler</STRONG> (Thumb, 2 bytes, Stack size 0 bytes, startup_lpc17xx.o(.text))
<BR><BR>[Calls]<UL><LI><a href="#[f335a4]">&gt;&gt;</a>&nbsp;&nbsp;&nbsp;HardFault_Handler
</UL>
<BR>[Called By]<UL><LI><a href="#[f2f224]">&gt;&gt;</a>&nbsp;&nbsp;&nbsp;_main_stk
<LI><a href="#[f335a4]">&gt;&gt;</a>&nbsp;&nbsp;&nbsp;HardFault_Handler
</UL>
<BR>[Address Reference Count : 1]<UL><LI> startup_lpc17xx.o(RESET)
</UL>
<P><STRONG><a name="[f33568]"></a>MemManage_Handler</STRONG> (Thumb, 2 bytes, Stack size 0 bytes, startup_lpc17xx.o(.text))
<BR><BR>[Calls]<UL><LI><a href="#[f33568]">&gt;&gt;</a>&nbsp;&nbsp;&nbsp;MemManage_Handler
</UL>
<BR>[Called By]<UL><LI><a href="#[f33568]">&gt;&gt;</a>&nbsp;&nbsp;&nbsp;MemManage_Handler
</UL>
<BR>[Address Reference Count : 1]<UL><LI> startup_lpc17xx.o(RESET)
</UL>
<P><STRONG><a name="[f3352c]"></a>BusFault_Handler</STRONG> (Thumb, 2 bytes, Stack size 0 bytes, startup_lpc17xx.o(.text))
<BR><BR>[Calls]<UL><LI><a href="#[f3352c]">&gt;&gt;</a>&nbsp;&nbsp;&nbsp;BusFault_Handler
</UL>
<BR>[Called By]<UL><LI><a href="#[f3352c]">&gt;&gt;</a>&nbsp;&nbsp;&nbsp;BusFault_Handler
</UL>
<BR>[Address Reference Count : 1]<UL><LI> startup_lpc17xx.o(RESET)
</UL>
<P><STRONG><a name="[f334f0]"></a>UsageFault_Handler</STRONG> (Thumb, 2 bytes, Stack size 0 bytes, startup_lpc17xx.o(.text))
<BR><BR>[Calls]<UL><LI><a href="#[f334f0]">&gt;&gt;</a>&nbsp;&nbsp;&nbsp;UsageFault_Handler
</UL>
<BR>[Called By]<UL><LI><a href="#[f334f0]">&gt;&gt;</a>&nbsp;&nbsp;&nbsp;UsageFault_Handler
</UL>
<BR>[Address Reference Count : 1]<UL><LI> startup_lpc17xx.o(RESET)
</UL>
<P><STRONG><a name="[f334b4]"></a>SVC_Handler</STRONG> (Thumb, 2 bytes, Stack size 0 bytes, startup_lpc17xx.o(.text))
<BR><BR>[Calls]<UL><LI><a href="#[f334b4]">&gt;&gt;</a>&nbsp;&nbsp;&nbsp;SVC_Handler
</UL>
<BR>[Called By]<UL><LI><a href="#[f334b4]">&gt;&gt;</a>&nbsp;&nbsp;&nbsp;SVC_Handler
</UL>
<BR>[Address Reference Count : 1]<UL><LI> startup_lpc17xx.o(RESET)
</UL>
<P><STRONG><a name="[f33478]"></a>DebugMon_Handler</STRONG> (Thumb, 2 bytes, Stack size 0 bytes, startup_lpc17xx.o(.text))
<BR><BR>[Calls]<UL><LI><a href="#[f33478]">&gt;&gt;</a>&nbsp;&nbsp;&nbsp;DebugMon_Handler
</UL>
<BR>[Called By]<UL><LI><a href="#[f33478]">&gt;&gt;</a>&nbsp;&nbsp;&nbsp;DebugMon_Handler
</UL>
<BR>[Address Reference Count : 1]<UL><LI> startup_lpc17xx.o(RESET)
</UL>
<P><STRONG><a name="[f3343c]"></a>PendSV_Handler</STRONG> (Thumb, 2 bytes, Stack size 0 bytes, startup_lpc17xx.o(.text))
<BR><BR>[Calls]<UL><LI><a href="#[f3343c]">&gt;&gt;</a>&nbsp;&nbsp;&nbsp;PendSV_Handler
</UL>
<BR>[Called By]<UL><LI><a href="#[f3343c]">&gt;&gt;</a>&nbsp;&nbsp;&nbsp;PendSV_Handler
</UL>
<BR>[Address Reference Count : 1]<UL><LI> startup_lpc17xx.o(RESET)
</UL>
<P><STRONG><a name="[f333c4]"></a>ADC_IRQHandler</STRONG> (Thumb, 0 bytes, Stack size 0 bytes, startup_lpc17xx.o(.text))
<BR><BR>[Calls]<UL><LI><a href="#[f333c4]">&gt;&gt;</a>&nbsp;&nbsp;&nbsp;ADC_IRQHandler
</UL>
<BR>[Called By]<UL><LI><a href="#[f333c4]">&gt;&gt;</a>&nbsp;&nbsp;&nbsp;ADC_IRQHandler
</UL>
<BR>[Address Reference Count : 1]<UL><LI> startup_lpc17xx.o(RESET)
</UL>
<P><STRONG><a name="[f33388]"></a>BOD_IRQHandler</STRONG> (Thumb, 0 bytes, Stack size 0 bytes, startup_lpc17xx.o(.text))
<BR>[Address Reference Count : 1]<UL><LI> startup_lpc17xx.o(RESET)
</UL>
<P><STRONG><a name="[f3334c]"></a>CANActivity_IRQHandler</STRONG> (Thumb, 0 bytes, Stack size 0 bytes, startup_lpc17xx.o(.text))
<BR>[Address Reference Count : 1]<UL><LI> startup_lpc17xx.o(RESET)
</UL>
<P><STRONG><a name="[f33310]"></a>CAN_IRQHandler</STRONG> (Thumb, 0 bytes, Stack size 0 bytes, startup_lpc17xx.o(.text))
<BR>[Address Reference Count : 1]<UL><LI> startup_lpc17xx.o(RESET)
</UL>
<P><STRONG><a name="[f332d4]"></a>DMA_IRQHandler</STRONG> (Thumb, 0 bytes, Stack size 0 bytes, startup_lpc17xx.o(.text))
<BR>[Address Reference Count : 1]<UL><LI> startup_lpc17xx.o(RESET)
</UL>
<P><STRONG><a name="[f33298]"></a>EINT0_IRQHandler</STRONG> (Thumb, 0 bytes, Stack size 0 bytes, startup_lpc17xx.o(.text))
<BR>[Address Reference Count : 1]<UL><LI> startup_lpc17xx.o(RESET)
</UL>
<P><STRONG><a name="[f3325c]"></a>EINT1_IRQHandler</STRONG> (Thumb, 0 bytes, Stack size 0 bytes, startup_lpc17xx.o(.text))
<BR>[Address Reference Count : 1]<UL><LI> startup_lpc17xx.o(RESET)
</UL>
<P><STRONG><a name="[f33220]"></a>EINT2_IRQHandler</STRONG> (Thumb, 0 bytes, Stack size 0 bytes, startup_lpc17xx.o(.text))
<BR>[Address Reference Count : 1]<UL><LI> startup_lpc17xx.o(RESET)
</UL>
<P><STRONG><a name="[f331e4]"></a>EINT3_IRQHandler</STRONG> (Thumb, 0 bytes, Stack size 0 bytes, startup_lpc17xx.o(.text))
<BR>[Address Reference Count : 1]<UL><LI> startup_lpc17xx.o(RESET)
</UL>
<P><STRONG><a name="[f331a8]"></a>ENET_IRQHandler</STRONG> (Thumb, 0 bytes, Stack size 0 bytes, startup_lpc17xx.o(.text))
<BR>[Address Reference Count : 1]<UL><LI> startup_lpc17xx.o(RESET)
</UL>
<P><STRONG><a name="[f3316c]"></a>I2C0_IRQHandler</STRONG> (Thumb, 0 bytes, Stack size 0 bytes, startup_lpc17xx.o(.text))
<BR>[Address Reference Count : 1]<UL><LI> startup_lpc17xx.o(RESET)
</UL>
<P><STRONG><a name="[f33130]"></a>I2C1_IRQHandler</STRONG> (Thumb, 0 bytes, Stack size 0 bytes, startup_lpc17xx.o(.text))
<BR>[Address Reference Count : 1]<UL><LI> startup_lpc17xx.o(RESET)
</UL>
<P><STRONG><a name="[f330f4]"></a>I2C2_IRQHandler</STRONG> (Thumb, 0 bytes, Stack size 0 bytes, startup_lpc17xx.o(.text))
<BR>[Address Reference Count : 1]<UL><LI> startup_lpc17xx.o(RESET)
</UL>
<P><STRONG><a name="[f330b8]"></a>I2S_IRQHandler</STRONG> (Thumb, 0 bytes, Stack size 0 bytes, startup_lpc17xx.o(.text))
<BR>[Address Reference Count : 1]<UL><LI> startup_lpc17xx.o(RESET)
</UL>
<P><STRONG><a name="[f3307c]"></a>MCPWM_IRQHandler</STRONG> (Thumb, 0 bytes, Stack size 0 bytes, startup_lpc17xx.o(.text))
<BR>[Address Reference Count : 1]<UL><LI> startup_lpc17xx.o(RESET)
</UL>
<P><STRONG><a name="[f33040]"></a>PLL0_IRQHandler</STRONG> (Thumb, 0 bytes, Stack size 0 bytes, startup_lpc17xx.o(.text))
<BR>[Address Reference Count : 1]<UL><LI> startup_lpc17xx.o(RESET)
</UL>
<P><STRONG><a name="[f33004]"></a>PLL1_IRQHandler</STRONG> (Thumb, 0 bytes, Stack size 0 bytes, startup_lpc17xx.o(.text))
<BR>[Address Reference Count : 1]<UL><LI> startup_lpc17xx.o(RESET)
</UL>
<P><STRONG><a name="[f32fc8]"></a>PWM1_IRQHandler</STRONG> (Thumb, 0 bytes, Stack size 0 bytes, startup_lpc17xx.o(.text))
<BR>[Address Reference Count : 1]<UL><LI> startup_lpc17xx.o(RESET)
</UL>
<P><STRONG><a name="[f32f8c]"></a>QEI_IRQHandler</STRONG> (Thumb, 0 bytes, Stack size 0 bytes, startup_lpc17xx.o(.text))
<BR>[Address Reference Count : 1]<UL><LI> startup_lpc17xx.o(RESET)
</UL>
<P><STRONG><a name="[f32f50]"></a>RIT_IRQHandler</STRONG> (Thumb, 0 bytes, Stack size 0 bytes, startup_lpc17xx.o(.text))
<BR>[Address Reference Count : 1]<UL><LI> startup_lpc17xx.o(RESET)
</UL>
<P><STRONG><a name="[f32f14]"></a>RTC_IRQHandler</STRONG> (Thumb, 0 bytes, Stack size 0 bytes, startup_lpc17xx.o(.text))
<BR>[Address Reference Count : 1]<UL><LI> startup_lpc17xx.o(RESET)
</UL>
<P><STRONG><a name="[f32ed8]"></a>SPI_IRQHandler</STRONG> (Thumb, 0 bytes, Stack size 0 bytes, startup_lpc17xx.o(.text))
<BR>[Address Reference Count : 1]<UL><LI> startup_lpc17xx.o(RESET)
</UL>
<P><STRONG><a name="[f32e9c]"></a>SSP0_IRQHandler</STRONG> (Thumb, 0 bytes, Stack size 0 bytes, startup_lpc17xx.o(.text))
<BR>[Address Reference Count : 1]<UL><LI> startup_lpc17xx.o(RESET)
</UL>
<P><STRONG><a name="[f32e60]"></a>SSP1_IRQHandler</STRONG> (Thumb, 0 bytes, Stack size 0 bytes, startup_lpc17xx.o(.text))
<BR>[Address Reference Count : 1]<UL><LI> startup_lpc17xx.o(RESET)
</UL>
<P><STRONG><a name="[f32e24]"></a>TIMER0_IRQHandler</STRONG> (Thumb, 0 bytes, Stack size 0 bytes, startup_lpc17xx.o(.text))
<BR>[Address Reference Count : 1]<UL><LI> startup_lpc17xx.o(RESET)
</UL>
<P><STRONG><a name="[f32de8]"></a>TIMER1_IRQHandler</STRONG> (Thumb, 0 bytes, Stack size 0 bytes, startup_lpc17xx.o(.text))
<BR>[Address Reference Count : 1]<UL><LI> startup_lpc17xx.o(RESET)
</UL>
<P><STRONG><a name="[f32dac]"></a>TIMER2_IRQHandler</STRONG> (Thumb, 0 bytes, Stack size 0 bytes, startup_lpc17xx.o(.text))
<BR>[Address Reference Count : 1]<UL><LI> startup_lpc17xx.o(RESET)
</UL>
<P><STRONG><a name="[f32d70]"></a>TIMER3_IRQHandler</STRONG> (Thumb, 0 bytes, Stack size 0 bytes, startup_lpc17xx.o(.text))
<BR>[Address Reference Count : 1]<UL><LI> startup_lpc17xx.o(RESET)
</UL>
<P><STRONG><a name="[f32d34]"></a>UART0_IRQHandler</STRONG> (Thumb, 0 bytes, Stack size 0 bytes, startup_lpc17xx.o(.text))
<BR>[Address Reference Count : 1]<UL><LI> startup_lpc17xx.o(RESET)
</UL>
<P><STRONG><a name="[f32cf8]"></a>UART1_IRQHandler</STRONG> (Thumb, 0 bytes, Stack size 0 bytes, startup_lpc17xx.o(.text))
<BR>[Address Reference Count : 1]<UL><LI> startup_lpc17xx.o(RESET)
</UL>
<P><STRONG><a name="[f32cbc]"></a>UART2_IRQHandler</STRONG> (Thumb, 0 bytes, Stack size 0 bytes, startup_lpc17xx.o(.text))
<BR>[Address Reference Count : 1]<UL><LI> startup_lpc17xx.o(RESET)
</UL>
<P><STRONG><a name="[f32c80]"></a>UART3_IRQHandler</STRONG> (Thumb, 0 bytes, Stack size 0 bytes, startup_lpc17xx.o(.text))
<BR>[Address Reference Count : 1]<UL><LI> startup_lpc17xx.o(RESET)
</UL>
<P><STRONG><a name="[f32c44]"></a>USBActivity_IRQHandler</STRONG> (Thumb, 0 bytes, Stack size 0 bytes, startup_lpc17xx.o(.text))
<BR>[Address Reference Count : 1]<UL><LI> startup_lpc17xx.o(RESET)
</UL>
<P><STRONG><a name="[f32c08]"></a>USB_IRQHandler</STRONG> (Thumb, 0 bytes, Stack size 0 bytes, startup_lpc17xx.o(.text))
<BR>[Address Reference Count : 1]<UL><LI> startup_lpc17xx.o(RESET)
</UL>
<P><STRONG><a name="[f32bcc]"></a>WDT_IRQHandler</STRONG> (Thumb, 0 bytes, Stack size 0 bytes, startup_lpc17xx.o(.text))
<BR>[Address Reference Count : 1]<UL><LI> startup_lpc17xx.o(RESET)
</UL>
<P><STRONG><a name="[f3235c]"></a>SystemInit</STRONG> (Thumb, 306 bytes, Stack size 12 bytes, system_lpc17xx.o(.text))
<BR><BR>[Stack]<UL><LI>Max Depth = 12<LI>Call Chain = SystemInit
</UL>
<BR>[Called By]<UL><LI><a href="#[f31510]">&gt;&gt;</a>&nbsp;&nbsp;&nbsp;main
</UL>

<P><STRONG><a name="[f30ef8]"></a>SysTick_Handler</STRONG> (Thumb, 52 bytes, Stack size 0 bytes, irq.o(.text))
<BR>[Address Reference Count : 1]<UL><LI> startup_lpc17xx.o(RESET)
</UL>
<P><STRONG><a name="[f2eea0]"></a>__scatterload</STRONG> (Thumb, 28 bytes, Stack size 0 bytes, init.o(.text))
<BR><BR>[Calls]<UL><LI><a href="#[f2f0bc]">&gt;&gt;</a>&nbsp;&nbsp;&nbsp;__main_after_scatterload
</UL>
<BR>[Called By]<UL><LI><a href="#[f2f0f8]">&gt;&gt;</a>&nbsp;&nbsp;&nbsp;_main_scatterload
</UL>

<P><STRONG><a name="[f2ee64]"></a>__scatterload_rt2</STRONG> (Thumb, 0 bytes, Stack size 0 bytes, init.o(.text), UNUSED)

<P><STRONG><a name="[f2eaa4]"></a>__scatterload_copy</STRONG> (Thumb, 14 bytes, Stack size unknown bytes, handlers.o(i.__scatterload_copy), UNUSED)

<P><STRONG><a name="[f2ea68]"></a>__scatterload_null</STRONG> (Thumb, 2 bytes, Stack size unknown bytes, handlers.o(i.__scatterload_null), UNUSED)

<P><STRONG><a name="[f2ea2c]"></a>__scatterload_zeroinit</STRONG> (Thumb, 14 bytes, Stack size unknown bytes, handlers.o(i.__scatterload_zeroinit), UNUSED)

<P><STRONG><a name="[f31510]"></a>main</STRONG> (Thumb, 270 bytes, Stack size 40 bytes, blinky.o(.text))
<BR><BR>[Stack]<UL><LI>Max Depth = 104<LI>Call Chain = main &rArr; GLCD_Init &rArr; rd_reg &rArr; wr_cmd
</UL>
<BR>[Calls]<UL><LI><a href="#[f3127c]">&gt;&gt;</a>&nbsp;&nbsp;&nbsp;GLCD_Init
<LI><a href="#[f312b8]">&gt;&gt;</a>&nbsp;&nbsp;&nbsp;GLCD_Clear
<LI><a href="#[f312f4]">&gt;&gt;</a>&nbsp;&nbsp;&nbsp;GLCD_Bmp
<LI><a href="#[f3235c]">&gt;&gt;</a>&nbsp;&nbsp;&nbsp;SystemInit
</UL>
<BR>[Address Reference Count : 1]<UL><LI> entry7.o(.ARM.Collect$$$$00000007)
</UL>
<P><STRONG><a name="[f3037c]"></a>wait_delay</STRONG> (Thumb, 6 bytes, Stack size 0 bytes, glcd_lpc1700.o(.text), UNUSED)
<BR><BR>[Calls]<UL><LI><a href="#[f3037c]">&gt;&gt;</a>&nbsp;&nbsp;&nbsp;wait_delay
</UL>
<BR>[Called By]<UL><LI><a href="#[f3037c]">&gt;&gt;</a>&nbsp;&nbsp;&nbsp;wait_delay
</UL>

<P><STRONG><a name="[f3127c]"></a>GLCD_Init</STRONG> (Thumb, 880 bytes, Stack size 32 bytes, glcd_lpc1700.o(.text))
<BR><BR>[Stack]<UL><LI>Max Depth = 64<LI>Call Chain = GLCD_Init &rArr; rd_reg &rArr; wr_cmd
</UL>
<BR>[Calls]<UL><LI><a href="#[f3082c]">&gt;&gt;</a>&nbsp;&nbsp;&nbsp;rd_reg
<LI><a href="#[f30868]">&gt;&gt;</a>&nbsp;&nbsp;&nbsp;wr_reg
<LI><a href="#[f30958]">&gt;&gt;</a>&nbsp;&nbsp;&nbsp;delay
</UL>
<BR>[Called By]<UL><LI><a href="#[f31510]">&gt;&gt;</a>&nbsp;&nbsp;&nbsp;main
</UL>

<P><STRONG><a name="[f30340]"></a>GLCD_WindowMax</STRONG> (Thumb, 40 bytes, Stack size 8 bytes, glcd_lpc1700.o(.text))
<BR><BR>[Stack]<UL><LI>Max Depth = 40<LI>Call Chain = GLCD_WindowMax &rArr; wr_reg &rArr; wr_dat
</UL>
<BR>[Calls]<UL><LI><a href="#[f30868]">&gt;&gt;</a>&nbsp;&nbsp;&nbsp;wr_reg
</UL>
<BR>[Called By]<UL><LI><a href="#[f3019c]">&gt;&gt;</a>&nbsp;&nbsp;&nbsp;GLCD_ClearLn
<LI><a href="#[f301d8]">&gt;&gt;</a>&nbsp;&nbsp;&nbsp;GLCD_DisplayString
<LI><a href="#[f312b8]">&gt;&gt;</a>&nbsp;&nbsp;&nbsp;GLCD_Clear
</UL>

<P><STRONG><a name="[f30304]"></a>GLCD_PutPixel</STRONG> (Thumb, 62 bytes, Stack size 16 bytes, glcd_lpc1700.o(.text), UNUSED)
<BR><BR>[Calls]<UL><LI><a href="#[f30868]">&gt;&gt;</a>&nbsp;&nbsp;&nbsp;wr_reg
<LI><a href="#[f308e0]">&gt;&gt;</a>&nbsp;&nbsp;&nbsp;wr_dat
<LI><a href="#[f3091c]">&gt;&gt;</a>&nbsp;&nbsp;&nbsp;wr_cmd
</UL>

<P><STRONG><a name="[f302c8]"></a>GLCD_SetTextColor</STRONG> (Thumb, 6 bytes, Stack size 0 bytes, glcd_lpc1700.o(.text), UNUSED)

<P><STRONG><a name="[f3028c]"></a>GLCD_SetBackColor</STRONG> (Thumb, 6 bytes, Stack size 0 bytes, glcd_lpc1700.o(.text), UNUSED)

<P><STRONG><a name="[f312b8]"></a>GLCD_Clear</STRONG> (Thumb, 68 bytes, Stack size 24 bytes, glcd_lpc1700.o(.text))
<BR><BR>[Stack]<UL><LI>Max Depth = 64<LI>Call Chain = GLCD_Clear &rArr; GLCD_WindowMax &rArr; wr_reg &rArr; wr_dat
</UL>
<BR>[Calls]<UL><LI><a href="#[f30340]">&gt;&gt;</a>&nbsp;&nbsp;&nbsp;GLCD_WindowMax
<LI><a href="#[f30868]">&gt;&gt;</a>&nbsp;&nbsp;&nbsp;wr_reg
<LI><a href="#[f308a4]">&gt;&gt;</a>&nbsp;&nbsp;&nbsp;wr_dat_only
<LI><a href="#[f3091c]">&gt;&gt;</a>&nbsp;&nbsp;&nbsp;wr_cmd
</UL>
<BR>[Called By]<UL><LI><a href="#[f31510]">&gt;&gt;</a>&nbsp;&nbsp;&nbsp;main
</UL>

<P><STRONG><a name="[f30250]"></a>GLCD_DrawChar</STRONG> (Thumb, 150 bytes, Stack size 40 bytes, glcd_lpc1700.o(.text), UNUSED)
<BR><BR>[Calls]<UL><LI><a href="#[f30868]">&gt;&gt;</a>&nbsp;&nbsp;&nbsp;wr_reg
<LI><a href="#[f308a4]">&gt;&gt;</a>&nbsp;&nbsp;&nbsp;wr_dat_only
<LI><a href="#[f3091c]">&gt;&gt;</a>&nbsp;&nbsp;&nbsp;wr_cmd
</UL>
<BR>[Called By]<UL><LI><a href="#[f30214]">&gt;&gt;</a>&nbsp;&nbsp;&nbsp;GLCD_DisplayChar
</UL>

<P><STRONG><a name="[f30214]"></a>GLCD_DisplayChar</STRONG> (Thumb, 26 bytes, Stack size 0 bytes, glcd_lpc1700.o(.text), UNUSED)
<BR><BR>[Calls]<UL><LI><a href="#[f30250]">&gt;&gt;</a>&nbsp;&nbsp;&nbsp;GLCD_DrawChar
</UL>
<BR>[Called By]<UL><LI><a href="#[f301d8]">&gt;&gt;</a>&nbsp;&nbsp;&nbsp;GLCD_DisplayString
</UL>

<P><STRONG><a name="[f301d8]"></a>GLCD_DisplayString</STRONG> (Thumb, 34 bytes, Stack size 16 bytes, glcd_lpc1700.o(.text), UNUSED)
<BR><BR>[Calls]<UL><LI><a href="#[f30214]">&gt;&gt;</a>&nbsp;&nbsp;&nbsp;GLCD_DisplayChar
<LI><a href="#[f30340]">&gt;&gt;</a>&nbsp;&nbsp;&nbsp;GLCD_WindowMax
</UL>
<BR>[Called By]<UL><LI><a href="#[f3019c]">&gt;&gt;</a>&nbsp;&nbsp;&nbsp;GLCD_ClearLn
</UL>

<P><STRONG><a name="[f3019c]"></a>GLCD_ClearLn</STRONG> (Thumb, 20 bytes, Stack size 8 bytes, glcd_lpc1700.o(.text), UNUSED)
<BR><BR>[Calls]<UL><LI><a href="#[f301d8]">&gt;&gt;</a>&nbsp;&nbsp;&nbsp;GLCD_DisplayString
<LI><a href="#[f30340]">&gt;&gt;</a>&nbsp;&nbsp;&nbsp;GLCD_WindowMax
</UL>

<P><STRONG><a name="[f30160]"></a>GLCD_Bargraph</STRONG> (Thumb, 152 bytes, Stack size 40 bytes, glcd_lpc1700.o(.text), UNUSED)
<BR><BR>[Calls]<UL><LI><a href="#[f30868]">&gt;&gt;</a>&nbsp;&nbsp;&nbsp;wr_reg
<LI><a href="#[f308a4]">&gt;&gt;</a>&nbsp;&nbsp;&nbsp;wr_dat_only
<LI><a href="#[f3091c]">&gt;&gt;</a>&nbsp;&nbsp;&nbsp;wr_cmd
</UL>

<P><STRONG><a name="[f30124]"></a>GLCD_Bitmap</STRONG> (Thumb, 154 bytes, Stack size 32 bytes, glcd_lpc1700.o(.text), UNUSED)
<BR><BR>[Calls]<UL><LI><a href="#[f30868]">&gt;&gt;</a>&nbsp;&nbsp;&nbsp;wr_reg
<LI><a href="#[f308a4]">&gt;&gt;</a>&nbsp;&nbsp;&nbsp;wr_dat_only
<LI><a href="#[f3091c]">&gt;&gt;</a>&nbsp;&nbsp;&nbsp;wr_cmd
</UL>

<P><STRONG><a name="[f312f4]"></a>GLCD_Bmp</STRONG> (Thumb, 150 bytes, Stack size 32 bytes, glcd_lpc1700.o(.text))
<BR><BR>[Stack]<UL><LI>Max Depth = 64<LI>Call Chain = GLCD_Bmp &rArr; wr_reg &rArr; wr_dat
</UL>
<BR>[Calls]<UL><LI><a href="#[f30868]">&gt;&gt;</a>&nbsp;&nbsp;&nbsp;wr_reg
<LI><a href="#[f308a4]">&gt;&gt;</a>&nbsp;&nbsp;&nbsp;wr_dat_only
<LI><a href="#[f3091c]">&gt;&gt;</a>&nbsp;&nbsp;&nbsp;wr_cmd
</UL>
<BR>[Called By]<UL><LI><a href="#[f31510]">&gt;&gt;</a>&nbsp;&nbsp;&nbsp;main
</UL>

<P><STRONG><a name="[f2e93c]"></a>__decompress</STRONG> (Thumb, 0 bytes, Stack size unknown bytes, __dclz77c.o(.text), UNUSED)

<P><STRONG><a name="[f2e900]"></a>__decompress2</STRONG> (Thumb, 96 bytes, Stack size unknown bytes, __dclz77c.o(.text), UNUSED)
<P>
<H3>
Local Symbols
</H3>
<P><STRONG><a name="[f30994]"></a>lcd_send</STRONG> (Thumb, 36 bytes, Stack size 0 bytes, glcd_lpc1700.o(.text))
<BR><BR>[Called By]<UL><LI><a href="#[f308a4]">&gt;&gt;</a>&nbsp;&nbsp;&nbsp;wr_dat_only
<LI><a href="#[f308e0]">&gt;&gt;</a>&nbsp;&nbsp;&nbsp;wr_dat
<LI><a href="#[f3091c]">&gt;&gt;</a>&nbsp;&nbsp;&nbsp;wr_cmd
</UL>

<P><STRONG><a name="[f30958]"></a>delay</STRONG> (Thumb, 8 bytes, Stack size 0 bytes, glcd_lpc1700.o(.text))
<BR><BR>[Called By]<UL><LI><a href="#[f3127c]">&gt;&gt;</a>&nbsp;&nbsp;&nbsp;GLCD_Init
</UL>

<P><STRONG><a name="[f3091c]"></a>wr_cmd</STRONG> (Thumb, 32 bytes, Stack size 16 bytes, glcd_lpc1700.o(.text))
<BR><BR>[Stack]<UL><LI>Max Depth = 16<LI>Call Chain = wr_cmd
</UL>
<BR>[Calls]<UL><LI><a href="#[f303b8]">&gt;&gt;</a>&nbsp;&nbsp;&nbsp;wait
<LI><a href="#[f30994]">&gt;&gt;</a>&nbsp;&nbsp;&nbsp;lcd_send
</UL>
<BR>[Called By]<UL><LI><a href="#[f30124]">&gt;&gt;</a>&nbsp;&nbsp;&nbsp;GLCD_Bitmap
<LI><a href="#[f30160]">&gt;&gt;</a>&nbsp;&nbsp;&nbsp;GLCD_Bargraph
<LI><a href="#[f30250]">&gt;&gt;</a>&nbsp;&nbsp;&nbsp;GLCD_DrawChar
<LI><a href="#[f30304]">&gt;&gt;</a>&nbsp;&nbsp;&nbsp;GLCD_PutPixel
<LI><a href="#[f3082c]">&gt;&gt;</a>&nbsp;&nbsp;&nbsp;rd_reg
<LI><a href="#[f30868]">&gt;&gt;</a>&nbsp;&nbsp;&nbsp;wr_reg
<LI><a href="#[f312b8]">&gt;&gt;</a>&nbsp;&nbsp;&nbsp;GLCD_Clear
<LI><a href="#[f312f4]">&gt;&gt;</a>&nbsp;&nbsp;&nbsp;GLCD_Bmp
</UL>

<P><STRONG><a name="[f308e0]"></a>wr_dat</STRONG> (Thumb, 32 bytes, Stack size 16 bytes, glcd_lpc1700.o(.text))
<BR><BR>[Stack]<UL><LI>Max Depth = 16<LI>Call Chain = wr_dat
</UL>
<BR>[Calls]<UL><LI><a href="#[f303b8]">&gt;&gt;</a>&nbsp;&nbsp;&nbsp;wait
<LI><a href="#[f30994]">&gt;&gt;</a>&nbsp;&nbsp;&nbsp;lcd_send
</UL>
<BR>[Called By]<UL><LI><a href="#[f30304]">&gt;&gt;</a>&nbsp;&nbsp;&nbsp;GLCD_PutPixel
<LI><a href="#[f30868]">&gt;&gt;</a>&nbsp;&nbsp;&nbsp;wr_reg
</UL>

<P><STRONG><a name="[f308a4]"></a>wr_dat_only</STRONG> (Thumb, 22 bytes, Stack size 16 bytes, glcd_lpc1700.o(.text))
<BR><BR>[Stack]<UL><LI>Max Depth = 16<LI>Call Chain = wr_dat_only
</UL>
<BR>[Calls]<UL><LI><a href="#[f303b8]">&gt;&gt;</a>&nbsp;&nbsp;&nbsp;wait
<LI><a href="#[f30994]">&gt;&gt;</a>&nbsp;&nbsp;&nbsp;lcd_send
</UL>
<BR>[Called By]<UL><LI><a href="#[f30124]">&gt;&gt;</a>&nbsp;&nbsp;&nbsp;GLCD_Bitmap
<LI><a href="#[f30160]">&gt;&gt;</a>&nbsp;&nbsp;&nbsp;GLCD_Bargraph
<LI><a href="#[f30250]">&gt;&gt;</a>&nbsp;&nbsp;&nbsp;GLCD_DrawChar
<LI><a href="#[f312b8]">&gt;&gt;</a>&nbsp;&nbsp;&nbsp;GLCD_Clear
<LI><a href="#[f312f4]">&gt;&gt;</a>&nbsp;&nbsp;&nbsp;GLCD_Bmp
</UL>

<P><STRONG><a name="[f30868]"></a>wr_reg</STRONG> (Thumb, 26 bytes, Stack size 16 bytes, glcd_lpc1700.o(.text))
<BR><BR>[Stack]<UL><LI>Max Depth = 32<LI>Call Chain = wr_reg &rArr; wr_dat
</UL>
<BR>[Calls]<UL><LI><a href="#[f308e0]">&gt;&gt;</a>&nbsp;&nbsp;&nbsp;wr_dat
<LI><a href="#[f3091c]">&gt;&gt;</a>&nbsp;&nbsp;&nbsp;wr_cmd
</UL>
<BR>[Called By]<UL><LI><a href="#[f30124]">&gt;&gt;</a>&nbsp;&nbsp;&nbsp;GLCD_Bitmap
<LI><a href="#[f30160]">&gt;&gt;</a>&nbsp;&nbsp;&nbsp;GLCD_Bargraph
<LI><a href="#[f30250]">&gt;&gt;</a>&nbsp;&nbsp;&nbsp;GLCD_DrawChar
<LI><a href="#[f30304]">&gt;&gt;</a>&nbsp;&nbsp;&nbsp;GLCD_PutPixel
<LI><a href="#[f30340]">&gt;&gt;</a>&nbsp;&nbsp;&nbsp;GLCD_WindowMax
<LI><a href="#[f3127c]">&gt;&gt;</a>&nbsp;&nbsp;&nbsp;GLCD_Init
<LI><a href="#[f312b8]">&gt;&gt;</a>&nbsp;&nbsp;&nbsp;GLCD_Clear
<LI><a href="#[f312f4]">&gt;&gt;</a>&nbsp;&nbsp;&nbsp;GLCD_Bmp
</UL>

<P><STRONG><a name="[f3082c]"></a>rd_reg</STRONG> (Thumb, 78 bytes, Stack size 16 bytes, glcd_lpc1700.o(.text))
<BR><BR>[Stack]<UL><LI>Max Depth = 32<LI>Call Chain = rd_reg &rArr; wr_cmd
</UL>
<BR>[Calls]<UL><LI><a href="#[f3091c]">&gt;&gt;</a>&nbsp;&nbsp;&nbsp;wr_cmd
</UL>
<BR>[Called By]<UL><LI><a href="#[f3127c]">&gt;&gt;</a>&nbsp;&nbsp;&nbsp;GLCD_Init
</UL>
<P>
<H3>
Undefined Global Symbols
</H3><HR></body></html>
