ARM Linker, RVCT4.0 [Build 728] [Professional]

==============================================================================

Section Cross References

    startup_lpc17xx.o(RESET) refers to startup_lpc17xx.o(STACK) for __initial_sp
    startup_lpc17xx.o(RESET) refers to startup_lpc17xx.o(.text) for Reset_Handler
    startup_lpc17xx.o(RESET) refers to irq.o(.text) for SysTick_Handler
    startup_lpc17xx.o(.text) refers to entry.o(.ARM.Collect$$$$00000000) for __main
    system_lpc17xx.o(.text) refers to system_lpc17xx.o(.data) for .data
    blinky.o(.text) refers to system_lpc17xx.o(.text) for SystemInit
    blinky.o(.text) refers to glcd_lpc1700.o(.text) for GLCD_Init
    blinky.o(.text) refers to system_lpc17xx.o(.data) for SystemFrequency
    blinky.o(.text) refers to bg_16bpp_t.o(.constdata) for Bg_16bpp_t
    blinky.o(.text) refers to bg_16bpp_l.o(.data) for Bg_16bpp_l
    blinky.o(.text) refers to bg_16bpp_r.o(.constdata) for Bg_16bpp_r
    blinky.o(.text) refers to bg_16bpp_b.o(.constdata) for Bg_16bpp_b
    blinky.o(.text) refers to irq.o(.data) for ClockANI
    blinky.o(.text) refers to blinky.o(.constdata) for .constdata
    blinky.o(.text) refers to arm_ani_16bpp.o(.constdata) for ARM_Ani_16bpp
    irq.o(.text) refers to irq.o(.data) for .data
    glcd_lpc1700.o(.text) refers to glcd_lpc1700.o(.data) for .data
    glcd_lpc1700.o(.text) refers to glcd_lpc1700.o(.emb_text) for wait
    glcd_lpc1700.o(.text) refers to glcd_lpc1700.o(.constdata) for .constdata
    entry.o(.ARM.Collect$$$$00000000) refers (Special) to entry7.o(.ARM.Collect$$$$00000007) for _main_init
    entry.o(.ARM.Collect$$$$00000000) refers (Special) to entry5.o(.ARM.Collect$$$$00000004) for _main_scatterload
    entry.o(.ARM.Collect$$$$00000000) refers (Special) to entry2.o(.ARM.Collect$$$$00000001) for _main_stk
    entry2.o(.ARM.Collect$$$$00000001) refers to entry2.o(.ARM.Collect$$$$00002712) for __lit__00000000
    entry2.o(.ARM.Collect$$$$00002712) refers to startup_lpc17xx.o(STACK) for __initial_sp
    entry2.o(__vectab_stack_and_reset_area) refers to startup_lpc17xx.o(STACK) for __initial_sp
    entry2.o(__vectab_stack_and_reset_area) refers to entry.o(.ARM.Collect$$$$00000000) for __main
    entry5.o(.ARM.Collect$$$$00000004) refers to init.o(.text) for __scatterload
    entry7.o(.ARM.Collect$$$$00000007) refers to blinky.o(.text) for main
    init.o(.text) refers to entry5.o(.ARM.Collect$$$$00000004) for __main_after_scatterload


==============================================================================

Removing Unused input sections from the image.

    Removing startup_lpc17xx.o(HEAP), (0 bytes).
    Removing core_cm3.o(.emb_text), (32 bytes).

2 unused section(s) (total 32 bytes) removed from the image.

==============================================================================

Image Symbol Table

    Local Symbols

    Symbol Name                              Value     Ov Type        Size  Object(Section)

    RESET                                    0x00000000   Section      204  startup_lpc17xx.o(RESET)
    ../../../cmprslib/lz77c.c                0x00000000   Number         0  __dclz77c.o ABSOLUTE
    ../../microlib/init/entry.s              0x00000000   Number         0  entry7.o ABSOLUTE
    ../../microlib/init/entry.s              0x00000000   Number         0  entry5.o ABSOLUTE
    ../../microlib/init/entry.s              0x00000000   Number         0  entry2.o ABSOLUTE
    ../../microlib/init/entry.s              0x00000000   Number         0  entry.o ABSOLUTE
    ARM_Ani_16bpp.c                          0x00000000   Number         0  arm_ani_16bpp.o ABSOLUTE
    Bg_16bpp_b.c                             0x00000000   Number         0  bg_16bpp_b.o ABSOLUTE
    Bg_16bpp_l.c                             0x00000000   Number         0  bg_16bpp_l.o ABSOLUTE
    Bg_16bpp_r.c                             0x00000000   Number         0  bg_16bpp_r.o ABSOLUTE
    Bg_16bpp_t.c                             0x00000000   Number         0  bg_16bpp_t.o ABSOLUTE
    Blinky.c                                 0x00000000   Number         0  blinky.o ABSOLUTE
    GLCD_LPC1700.c                           0x00000000   Number         0  glcd_lpc1700.o ABSOLUTE
    GLCD_LPC1700.c                           0x00000000   Number         0  glcd_lpc1700.o ABSOLUTE
    IRQ.c                                    0x00000000   Number         0  irq.o ABSOLUTE
    core_cm3.c                               0x00000000   Number         0  core_cm3.o ABSOLUTE
    core_cm3.c                               0x00000000   Number         0  core_cm3.o ABSOLUTE
    dc.s                                     0x00000000   Number         0  dc.o ABSOLUTE
    handlers.s                               0x00000000   Number         0  handlers.o ABSOLUTE
    init.s                                   0x00000000   Number         0  init.o ABSOLUTE
    startup_LPC17xx.s                        0x00000000   Number         0  startup_lpc17xx.o ABSOLUTE
    system_LPC17xx.c                         0x00000000   Number         0  system_lpc17xx.o ABSOLUTE
    .ARM.Collect$$$$00000000                 0x000000cc   Section        0  entry.o(.ARM.Collect$$$$00000000)
    .ARM.Collect$$$$00000001                 0x000000cc   Section        4  entry2.o(.ARM.Collect$$$$00000001)
    .ARM.Collect$$$$00000004                 0x000000d0   Section        4  entry5.o(.ARM.Collect$$$$00000004)
    .ARM.Collect$$$$00000007                 0x000000d4   Section        8  entry7.o(.ARM.Collect$$$$00000007)
    .ARM.Collect$$$$00002712                 0x000000dc   Section        4  entry2.o(.ARM.Collect$$$$00002712)
    __lit__00000000                          0x000000dc   Data           4  entry2.o(.ARM.Collect$$$$00002712)
    .emb_text                                0x000000e0   Section        4  glcd_lpc1700.o(.emb_text)
    .text                                    0x000000e4   Section       28  startup_lpc17xx.o(.text)
    .text                                    0x00000100   Section        0  system_lpc17xx.o(.text)
    .text                                    0x00000254   Section        0  irq.o(.text)
    .text                                    0x0000028c   Section       36  init.o(.text)
    i.__scatterload_copy                     0x000002b0   Section       14  handlers.o(i.__scatterload_copy)
    i.__scatterload_null                     0x000002be   Section        2  handlers.o(i.__scatterload_null)
    i.__scatterload_zeroinit                 0x000002c0   Section       14  handlers.o(i.__scatterload_zeroinit)
    .constdata                               0x000002d0   Section       32  blinky.o(.constdata)
    .ARM.__at_0x02FC                         0x000002fc   Section        4  startup_lpc17xx.o(.ARM.__at_0x02FC)
    .text                                    0x00000300   Section        0  blinky.o(.text)
    .text                                    0x00000440   Section        0  glcd_lpc1700.o(.text)
    lcd_send                                 0x00000447   Thumb Code    36  glcd_lpc1700.o(.text)
    delay                                    0x00000b3f   Thumb Code     8  glcd_lpc1700.o(.text)
    wr_cmd                                   0x00000b47   Thumb Code    32  glcd_lpc1700.o(.text)
    wr_dat                                   0x00000b67   Thumb Code    32  glcd_lpc1700.o(.text)
    wr_dat_only                              0x00000b87   Thumb Code    22  glcd_lpc1700.o(.text)
    wr_reg                                   0x00000b9d   Thumb Code    26  glcd_lpc1700.o(.text)
    rd_reg                                   0x00000bb7   Thumb Code    78  glcd_lpc1700.o(.text)
    .text                                    0x00000c28   Section        0  __dclz77c.o(.text)
    .constdata                               0x00000c88   Section     5376  glcd_lpc1700.o(.constdata)
    .constdata                               0x00002188   Section    44230  bg_16bpp_t.o(.constdata)
    .constdata                               0x0000ce4e   Section      886  bg_16bpp_r.o(.constdata)
    .constdata                               0x0000d1c4   Section    44230  bg_16bpp_b.o(.constdata)
    .constdata                               0x00017e8a   Section    108000  arm_ani_16bpp.o(.constdata)
    .data                                    0x10000000   Section        4  system_lpc17xx.o(.data)
    .data                                    0x10000004   Section        8  irq.o(.data)
    .data                                    0x1000000c   Section        6  glcd_lpc1700.o(.data)
    TextColor                                0x1000000c   Data           2  glcd_lpc1700.o(.data)
    BackColor                                0x1000000e   Data           2  glcd_lpc1700.o(.data)
    driverCode                               0x10000010   Data           2  glcd_lpc1700.o(.data)
    .data                                    0x10000012   Section      886  bg_16bpp_l.o(.data)
    STACK                                    0x10000388   Section      512  startup_lpc17xx.o(STACK)

    Global Symbols

    Symbol Name                              Value     Ov Type        Size  Object(Section)

    BuildAttributes$$THM_ISAv4$P$D$K$B$S$PE$A:L22UL41UL21$X:L11$S22US41US21$IEEE1$IW$USESV6$~STKCKD$USESV7$~SHL$OSPACE$EBA8$MICROLIB$REQ8$PRES8$EABIv2 0x00000000   Number         0  anon$$obj.o ABSOLUTE
    __ARM_use_no_argv                        0x00000000   Number         0  blinky.o ABSOLUTE
    __Vectors                                0x00000000   Data           4  startup_lpc17xx.o(RESET)
    __main                                   0x000000cd   Thumb Code     0  entry.o(.ARM.Collect$$$$00000000)
    _main_stk                                0x000000cd   Thumb Code     0  entry2.o(.ARM.Collect$$$$00000001)
    _main_scatterload                        0x000000d1   Thumb Code     0  entry5.o(.ARM.Collect$$$$00000004)
    __main_after_scatterload                 0x000000d5   Thumb Code     0  entry5.o(.ARM.Collect$$$$00000004)
    _main_init                               0x000000d5   Thumb Code     0  entry7.o(.ARM.Collect$$$$00000007)
    wait                                     0x000000e1   Thumb Code     4  glcd_lpc1700.o(.emb_text)
    Reset_Handler                            0x000000e5   Thumb Code     4  startup_lpc17xx.o(.text)
    NMI_Handler                              0x000000e9   Thumb Code     2  startup_lpc17xx.o(.text)
    HardFault_Handler                        0x000000eb   Thumb Code     2  startup_lpc17xx.o(.text)
    MemManage_Handler                        0x000000ed   Thumb Code     2  startup_lpc17xx.o(.text)
    BusFault_Handler                         0x000000ef   Thumb Code     2  startup_lpc17xx.o(.text)
    UsageFault_Handler                       0x000000f1   Thumb Code     2  startup_lpc17xx.o(.text)
    SVC_Handler                              0x000000f3   Thumb Code     2  startup_lpc17xx.o(.text)
    DebugMon_Handler                         0x000000f5   Thumb Code     2  startup_lpc17xx.o(.text)
    PendSV_Handler                           0x000000f7   Thumb Code     2  startup_lpc17xx.o(.text)
    ADC_IRQHandler                           0x000000fb   Thumb Code     0  startup_lpc17xx.o(.text)
    BOD_IRQHandler                           0x000000fb   Thumb Code     0  startup_lpc17xx.o(.text)
    CANActivity_IRQHandler                   0x000000fb   Thumb Code     0  startup_lpc17xx.o(.text)
    CAN_IRQHandler                           0x000000fb   Thumb Code     0  startup_lpc17xx.o(.text)
    DMA_IRQHandler                           0x000000fb   Thumb Code     0  startup_lpc17xx.o(.text)
    EINT0_IRQHandler                         0x000000fb   Thumb Code     0  startup_lpc17xx.o(.text)
    EINT1_IRQHandler                         0x000000fb   Thumb Code     0  startup_lpc17xx.o(.text)
    EINT2_IRQHandler                         0x000000fb   Thumb Code     0  startup_lpc17xx.o(.text)
    EINT3_IRQHandler                         0x000000fb   Thumb Code     0  startup_lpc17xx.o(.text)
    ENET_IRQHandler                          0x000000fb   Thumb Code     0  startup_lpc17xx.o(.text)
    I2C0_IRQHandler                          0x000000fb   Thumb Code     0  startup_lpc17xx.o(.text)
    I2C1_IRQHandler                          0x000000fb   Thumb Code     0  startup_lpc17xx.o(.text)
    I2C2_IRQHandler                          0x000000fb   Thumb Code     0  startup_lpc17xx.o(.text)
    I2S_IRQHandler                           0x000000fb   Thumb Code     0  startup_lpc17xx.o(.text)
    MCPWM_IRQHandler                         0x000000fb   Thumb Code     0  startup_lpc17xx.o(.text)
    PLL0_IRQHandler                          0x000000fb   Thumb Code     0  startup_lpc17xx.o(.text)
    PLL1_IRQHandler                          0x000000fb   Thumb Code     0  startup_lpc17xx.o(.text)
    PWM1_IRQHandler                          0x000000fb   Thumb Code     0  startup_lpc17xx.o(.text)
    QEI_IRQHandler                           0x000000fb   Thumb Code     0  startup_lpc17xx.o(.text)
    RIT_IRQHandler                           0x000000fb   Thumb Code     0  startup_lpc17xx.o(.text)
    RTC_IRQHandler                           0x000000fb   Thumb Code     0  startup_lpc17xx.o(.text)
    SPI_IRQHandler                           0x000000fb   Thumb Code     0  startup_lpc17xx.o(.text)
    SSP0_IRQHandler                          0x000000fb   Thumb Code     0  startup_lpc17xx.o(.text)
    SSP1_IRQHandler                          0x000000fb   Thumb Code     0  startup_lpc17xx.o(.text)
    TIMER0_IRQHandler                        0x000000fb   Thumb Code     0  startup_lpc17xx.o(.text)
    TIMER1_IRQHandler                        0x000000fb   Thumb Code     0  startup_lpc17xx.o(.text)
    TIMER2_IRQHandler                        0x000000fb   Thumb Code     0  startup_lpc17xx.o(.text)
    TIMER3_IRQHandler                        0x000000fb   Thumb Code     0  startup_lpc17xx.o(.text)
    UART0_IRQHandler                         0x000000fb   Thumb Code     0  startup_lpc17xx.o(.text)
    UART1_IRQHandler                         0x000000fb   Thumb Code     0  startup_lpc17xx.o(.text)
    UART2_IRQHandler                         0x000000fb   Thumb Code     0  startup_lpc17xx.o(.text)
    UART3_IRQHandler                         0x000000fb   Thumb Code     0  startup_lpc17xx.o(.text)
    USBActivity_IRQHandler                   0x000000fb   Thumb Code     0  startup_lpc17xx.o(.text)
    USB_IRQHandler                           0x000000fb   Thumb Code     0  startup_lpc17xx.o(.text)
    WDT_IRQHandler                           0x000000fb   Thumb Code     0  startup_lpc17xx.o(.text)
    SystemInit                               0x00000101   Thumb Code   306  system_lpc17xx.o(.text)
    SysTick_Handler                          0x00000255   Thumb Code    52  irq.o(.text)
    __scatterload                            0x0000028d   Thumb Code    28  init.o(.text)
    __scatterload_rt2                        0x0000028d   Thumb Code     0  init.o(.text)
    __scatterload_copy                       0x000002b1   Thumb Code    14  handlers.o(i.__scatterload_copy)
    __scatterload_null                       0x000002bf   Thumb Code     2  handlers.o(i.__scatterload_null)
    __scatterload_zeroinit                   0x000002c1   Thumb Code    14  handlers.o(i.__scatterload_zeroinit)
    led_mask                                 0x000002d0   Data          32  blinky.o(.constdata)
    main                                     0x00000301   Thumb Code   270  blinky.o(.text)
    wait_delay                               0x00000441   Thumb Code     6  glcd_lpc1700.o(.text)
    GLCD_Init                                0x0000046b   Thumb Code   880  glcd_lpc1700.o(.text)
    GLCD_WindowMax                           0x000007db   Thumb Code    40  glcd_lpc1700.o(.text)
    GLCD_PutPixel                            0x00000803   Thumb Code    62  glcd_lpc1700.o(.text)
    GLCD_SetTextColor                        0x00000841   Thumb Code     6  glcd_lpc1700.o(.text)
    GLCD_SetBackColor                        0x00000847   Thumb Code     6  glcd_lpc1700.o(.text)
    GLCD_Clear                               0x0000084d   Thumb Code    68  glcd_lpc1700.o(.text)
    GLCD_DrawChar                            0x00000891   Thumb Code   150  glcd_lpc1700.o(.text)
    GLCD_DisplayChar                         0x00000927   Thumb Code    26  glcd_lpc1700.o(.text)
    GLCD_DisplayString                       0x00000941   Thumb Code    34  glcd_lpc1700.o(.text)
    GLCD_ClearLn                             0x00000963   Thumb Code    20  glcd_lpc1700.o(.text)
    GLCD_Bargraph                            0x00000977   Thumb Code   152  glcd_lpc1700.o(.text)
    GLCD_Bitmap                              0x00000a0f   Thumb Code   154  glcd_lpc1700.o(.text)
    GLCD_Bmp                                 0x00000aa9   Thumb Code   150  glcd_lpc1700.o(.text)
    __decompress                             0x00000c29   Thumb Code     0  __dclz77c.o(.text)
    __decompress2                            0x00000c29   Thumb Code    96  __dclz77c.o(.text)
    Font_24x16                               0x00000c88   Data        5376  glcd_lpc1700.o(.constdata)
    Bg_16bpp_t                               0x00002188   Data       44230  bg_16bpp_t.o(.constdata)
    Bg_16bpp_r                               0x0000ce4e   Data         886  bg_16bpp_r.o(.constdata)
    Bg_16bpp_b                               0x0000d1c4   Data       44230  bg_16bpp_b.o(.constdata)
    ARM_Ani_16bpp                            0x00017e8a   Data       108000  arm_ani_16bpp.o(.constdata)
    Region$$Table$$Base                      0x0003246c   Number         0  anon$$obj.o(Region$$Table)
    Region$$Table$$Limit                     0x0003248c   Number         0  anon$$obj.o(Region$$Table)
    SystemFrequency                          0x10000000   Data           4  system_lpc17xx.o(.data)
    ClockLEDOn                               0x10000004   Data           1  irq.o(.data)
    ClockLEDOff                              0x10000005   Data           1  irq.o(.data)
    ClockANI                                 0x10000006   Data           1  irq.o(.data)
    ticks                                    0x10000008   Data           4  irq.o(.data)
    Bg_16bpp_l                               0x10000012   Data         886  bg_16bpp_l.o(.data)
    __initial_sp                             0x10000588   Data           0  startup_lpc17xx.o(STACK)



==============================================================================

Memory Map of the image

  Image Entry point : 0x000000cd

  Load Region LR_IROM1 (Base: 0x00000000, Size: 0x00032814, Max: 0x00040000, ABSOLUTE, COMPRESSED[0x0003257c])

    Execution Region ER_IROM1 (Base: 0x00000000, Size: 0x0003248c, Max: 0x00040000, ABSOLUTE)

    Base Addr    Size         Type   Attr      Idx    E Section Name        Object

    0x00000000   0x000000cc   Data   RO            3    RESET               startup_lpc17xx.o
    0x000000cc   0x00000000   Code   RO          160  * .ARM.Collect$$$$00000000  entry.o(mc_w.l)
    0x000000cc   0x00000004   Code   RO          163    .ARM.Collect$$$$00000001  entry2.o(mc_w.l)
    0x000000d0   0x00000004   Code   RO          166    .ARM.Collect$$$$00000004  entry5.o(mc_w.l)
    0x000000d4   0x00000008   Code   RO          167    .ARM.Collect$$$$00000007  entry7.o(mc_w.l)
    0x000000dc   0x00000004   Code   RO          164    .ARM.Collect$$$$00002712  entry2.o(mc_w.l)
    0x000000e0   0x00000004   Code   RO           95    .emb_text           glcd_lpc1700.o
    0x000000e4   0x0000001c   Code   RO            5    .text               startup_lpc17xx.o
    0x00000100   0x00000154   Code   RO           13    .text               system_lpc17xx.o
    0x00000254   0x00000038   Code   RO           83    .text               irq.o
    0x0000028c   0x00000024   Code   RO          168    .text               init.o(mc_w.l)
    0x000002b0   0x0000000e   Code   RO          172    i.__scatterload_copy  handlers.o(mc_w.l)
    0x000002be   0x00000002   Code   RO          173    i.__scatterload_null  handlers.o(mc_w.l)
    0x000002c0   0x0000000e   Code   RO          174    i.__scatterload_zeroinit  handlers.o(mc_w.l)
    0x000002ce   0x00000002   PAD
    0x000002d0   0x00000020   Data   RO           52    .constdata          blinky.o
    0x000002f0   0x0000000c   PAD
    0x000002fc   0x00000004   Code   RO            4    .ARM.__at_0x02FC    startup_lpc17xx.o
    0x00000300   0x00000140   Code   RO           51    .text               blinky.o
    0x00000440   0x000007e8   Code   RO           96    .text               glcd_lpc1700.o
    0x00000c28   0x00000060   Code   RO          178    .text               __dclz77c.o(mc_w.l)
    0x00000c88   0x00001500   Data   RO           97    .constdata          glcd_lpc1700.o
    0x00002188   0x0000acc6   Data   RO          125    .constdata          bg_16bpp_t.o
    0x0000ce4e   0x00000376   Data   RO          139    .constdata          bg_16bpp_r.o
    0x0000d1c4   0x0000acc6   Data   RO          146    .constdata          bg_16bpp_b.o
    0x00017e8a   0x0001a5e0   Data   RO          153    .constdata          arm_ani_16bpp.o
    0x0003246a   0x00000002   PAD
    0x0003246c   0x00000020   Data   RO          170    Region$$Table       anon$$obj.o


    Execution Region RW_IRAM1 (Base: 0x10000000, Size: 0x00000588, Max: 0x00008000, ABSOLUTE, COMPRESSED[0x000000f0])

    Base Addr    Size         Type   Attr      Idx    E Section Name        Object

    0x10000000   0x00000004   Data   RW           14    .data               system_lpc17xx.o
    0x10000004   0x00000008   Data   RW           84    .data               irq.o
    0x1000000c   0x00000006   Data   RW           98    .data               glcd_lpc1700.o
    0x10000012   0x00000376   Data   RW          132    .data               bg_16bpp_l.o
    0x10000388   0x00000200   Zero   RW            1    STACK               startup_lpc17xx.o


==============================================================================

Image component sizes


      Code (inc. data)   RO Data    RW Data    ZI Data      Debug   Object Name

         0          0     108000          0          0        376   arm_ani_16bpp.o
         0          0      44230          0          0        361   bg_16bpp_b.o
         0          0          0        886          0        357   bg_16bpp_l.o
         0          0        886          0          0        361   bg_16bpp_r.o
         0          0      44230          0          0        361   bg_16bpp_t.o
       320         50         32          0          0      23662   blinky.o
      2028         46       5376          6          0       8568   glcd_lpc1700.o
        56          4          0          8          0        722   irq.o
        32          8        204          0        512        700   startup_lpc17xx.o
       340         34          0          4          0       5015   system_lpc17xx.o

    ----------------------------------------------------------------------
      2776        142     203004        904        512      40483   Object Totals
         0          0         32          0          0          0   (incl. Generated)
         0          0         14          0          0          3   (incl. Padding)

    ----------------------------------------------------------------------

      Code (inc. data)   RO Data    RW Data    ZI Data      Debug   Library Member Name

        96          0          0          0          0          0   __dclz77c.o
         0          0          0          0          0          0   entry.o
         8          4          0          0          0          0   entry2.o
         4          0          0          0          0          0   entry5.o
         8          4          0          0          0          0   entry7.o
        30          0          0          0          0          0   handlers.o
        36          8          0          0          0         68   init.o

    ----------------------------------------------------------------------
       184         16          0          0          0         68   Library Totals
         2          0          0          0          0          0   (incl. Padding)

    ----------------------------------------------------------------------

      Code (inc. data)   RO Data    RW Data    ZI Data      Debug   Library Name

       182         16          0          0          0         68   mc_w.l

    ----------------------------------------------------------------------
       184         16          0          0          0         68   Library Totals

    ----------------------------------------------------------------------

==============================================================================


      Code (inc. data)   RO Data    RW Data    ZI Data      Debug   

      2960        158     203004        904        512      40404   Grand Totals
      2960        158     203004        240        512      40404   ELF Image Totals (compressed)
      2960        158     203004        240          0          0   ROM Totals

==============================================================================

    Total RO  Size (Code + RO Data)               205964 ( 201.14kB)
    Total RW  Size (RW Data + ZI Data)              1416 (   1.38kB)
    Total ROM Size (Code + RO Data + RW Data)     206204 ( 201.37kB)

==============================================================================

